[technxtweb.bitrix24.site/index.html]
[backblue.gif]
[fade.gif]
[index.html]
[technxtweb.bitrix24.site/bitrix/js/main/core/css/core.minc3c9.css]
[technxtweb.bitrix24.site/bitrix/js/intranet/intranet-common.minc5db.css]
[technxtweb.bitrix24.site/bitrix/js/main/sidepanel/css/sidepanel.mincf85.css]
[technxtweb.bitrix24.site/bitrix/components/bitrix/landing.pub/templates/.default/style.min8dbd.css]
[technxtweb.bitrix24.site/bitrix/templates/landing24/assets/vendor/bootstrap/bootstrap.mindbe7.css]
[technxtweb.bitrix24.site/bitrix/templates/landing24/assets/css/custom-grid.min045e.css]
[technxtweb.bitrix24.site/bitrix/templates/landing24/template_styles.min114a.css]
[technxtweb.bitrix24.site/bitrix/templates/landing24/assets/vendor/icon/icon/font.woff]
[technxtweb.bitrix24.site/bitrix/templates/landing24/themes/themes_core.min97c4.css]
[technxtweb.bitrix24.site/bitrix/templates/landing24/assets/vendor/icon/icon/font.woff2]
[technxtweb.bitrix24.site/bitrix/templates/landing24/assets/vendor/icon/fa/font.woff]
[technxtweb.bitrix24.site/bitrix/templates/landing24/assets/vendor/icon/fa/font.woff2]
[cdn.bitrix24.site/bitrix/images/landing/business/1600x1075/img2.jpg]
[cdn.bitrix24.site/bitrix/images/landing/business/1600x1075/img1.jpg]
[cdn.bitrix24.site/bitrix/images/landing/business/370x200/img1.jpg]
[cdn.bitrix24.site/bitrix/images/landing/business/370x200/img2.jpg]
[cdn.bitrix24.site/bitrix/images/landing/business/370x200/img3.jpg]
[cdn.bitrix24.site/bitrix/images/landing/business/570x511/img1.png]
[cdn.bitrix24.com/b14660669/crm/site_button/loader_2_ee734a.js]
[technxtweb.bitrix24.site/bitrix/components/bitrix/landing.pub/templates/.default/images/enc4ca.svg]
[technxtweb.bitrix24.site/bitrix/js/main/core/core_promise.js]
[technxtweb.bitrix24.site/bitrix/js/main/core/core.min2764.js]
[technxtweb.bitrix24.site/bitrix/js/main/polyfill/promise/js/promise.js]
[technxtweb.bitrix24.site/bitrix/js/main/loadext/loadext.js]
[technxtweb.bitrix24.site/bitrix/js/main/loadext/extension.js]
[technxtweb.bitrix24.site/bitrix/js/main/polyfill/find/js/find.js]
[technxtweb.bitrix24.site/bitrix/js/main/polyfill/includes/js/includes.js]
[technxtweb.bitrix24.site/bitrix/js/main/polyfill/matches/js/matches.js]
[technxtweb.bitrix24.site/bitrix/js/ui/polyfill/closest/js/closest.js]
[technxtweb.bitrix24.site/bitrix/js/main/polyfill/fill/main.polyfill.fill.js]
[technxtweb.bitrix24.site/bitrix/js/main/polyfill/core/dist/polyfill.bundle.js]
[technxtweb.bitrix24.site/bitrix/js/main/polyfill/intersectionobserver/js/intersectionobserver.js]
[technxtweb.bitrix24.site/bitrix/js/main/lazyload/dist/lazyload.bundle.js]
[technxtweb.bitrix24.site/bitrix/js/main/core/core.js]
[technxtweb.bitrix24.site/bitrix/js/main/lazyload/dist/lazyload.bundle.css]
[technxtweb.bitrix24.site/bitrix/js/main/polyfill/customevent/main.polyfill.customevent.min5517.js]
[technxtweb.bitrix24.site/bitrix/js/ui/dexie/dist/dexie.bitrix.bundle.min6693.js]
[technxtweb.bitrix24.site/bitrix/js/main/core/core_ls.minfe17.js]
[technxtweb.bitrix24.site/bitrix/js/main/core/core_fx.minc224.js]
[technxtweb.bitrix24.site/bitrix/js/main/core/core_frame_cache.min1e47.js]
[technxtweb.bitrix24.site/bitrix/js/main/pageobject/pageobject.min0a66.js]
[technxtweb.bitrix24.site/bitrix/js/main/sidepanel/manager.min0040.js]
[technxtweb.bitrix24.site/bitrix/js/main/sidepanel/slider.minec3d.js]
[technxtweb.bitrix24.site/bitrix/components/bitrix/landing.pub/templates/.default/script.min6cff.js]
[cdn.bitrix24.com/b14660669/landing/91f/91fea9b902d0a6aaab20a9da6a06fa21/landing_assets_webpack_4a86ca4531f0543f1fda39436d4a751c.js]
[technxtweb.bitrix24.site/bitrix/templates/landing24/assets/vendor/jquery/jquery-3.2.1.mind3ae.js]
[technxtweb.bitrix24.site/index.html]
[cdn.bitrix24.com/b14660669/crm/tag/call.tracker.js]
[technxtweb.bitrix24.site/bitrix/js/main/core/images/panel/top-panel-sprite-2.png]
[technxtweb.bitrix24.site/bitrix/js/main/core/css/core.minc3c9.css]
[technxtweb.bitrix24.site/bitrix/js/main/core/images/controls-spritec4ca.png]
[technxtweb.bitrix24.site/bitrix/js/main/core/images/popup/upload-waiting.gif]
[technxtweb.bitrix24.site/bitrix/js/intranet/intranet-common.minc5db.css]
[technxtweb.bitrix24.site/bitrix/js/main/sidepanel/css/images/loader.gif]
[technxtweb.bitrix24.site/bitrix/js/main/sidepanel/css/sidepanel.mincf85.css]
[technxtweb.bitrix24.site/bitrix/components/bitrix/landing.pub/templates/.default/style.min8dbd.css]
[technxtweb.bitrix24.site/bitrix/templates/landing24/assets/vendor/bootstrap/bootstrap.mindbe7.css]
[cdn.bitrix24.site/bitrix/images/landing/patterns/pattern1.png]
[cdn.bitrix24.site/bitrix/images/landing/patterns/pattern2.png]
[cdn.bitrix24.site/bitrix/images/landing/patterns/pattern3.png]
[technxtweb.bitrix24.site/bitrix/images/landing/buttons_styles/snowflakes-left.png]
[technxtweb.bitrix24.site/bitrix/images/landing/buttons_styles/snowflakes-right.png]
[technxtweb.bitrix24.site/bitrix/images/landing/marta.jpg]
[technxtweb.bitrix24.site/bitrix/templates/landing24/themes/themes_core.min97c4.css]
[technxtweb.bitrix24.site/bitrix/templates/landing24/assets/css/custom-grid.min045e.css]
[technxtweb.bitrix24.site/bitrix/templates/landing24/template_styles.min114a.css]
[technxtweb.bitrix24.site/bitrix/components/bitrix/landing.pub/templates/.default/images/enc4ca.svg]
[technxtweb.bitrix24.site/bitrix/tools/ajax_captcha.html]
[technxtweb.bitrix24.site/bitrix/services/main/ajaxd41d.json]
[technxtweb.bitrix24.site/bitrix/js/main/core/core.min2764.js]
[technxtweb.bitrix24.site/bitrix/js/main/core/core_promise.js]
[technxtweb.bitrix24.site/bitrix/js/main/polyfill/promise/js/promise.js]
[technxtweb.bitrix24.site/bitrix/js/main/loadext/loadext.js]
[technxtweb.bitrix24.site/bitrix/js/main/loadext/extension.js]
[technxtweb.bitrix24.site/bitrix/js/main/polyfill/find/js/find.js]
[technxtweb.bitrix24.site/bitrix/js/main/polyfill/includes/js/includes.js]
[technxtweb.bitrix24.site/bitrix/js/main/polyfill/matches/js/matches.js]
[technxtweb.bitrix24.site/bitrix/js/ui/polyfill/closest/js/closest.html]
[technxtweb.bitrix24.site/bitrix/js/main/polyfill/fill/main.polyfill.fill.js]
[technxtweb.bitrix24.site/bitrix/js/main/polyfill/core/dist/polyfill.bundle.js]
[technxtweb.bitrix24.site/bitrix/js/main/core/images/wait.gif]
[technxtweb.bitrix24.site/bitrix/js/main/core/core.js]
[technxtweb.bitrix24.site/bitrix/js/main/polyfill/intersectionobserver/js/intersectionobserver.js]
[technxtweb.bitrix24.site/bitrix/js/main/lazyload/dist/lazyload.bundle.js]
[technxtweb.bitrix24.site/bitrix/js/main/lazyload/dist/lazyload.bundle.html]
[technxtweb.bitrix24.site/bitrix/js/main/polyfill/customevent/main.polyfill.customevent.min5517.js]
[technxtweb.bitrix24.site/bitrix/js/ui/dexie/dist/dexie.bitrix.bundle.min6693.js]
[technxtweb.bitrix24.site/bitrix/js/main/core/core_ls.minfe17.js]
[technxtweb.bitrix24.site/bitrix/js/main/core/core_fx.minc224.js]
[technxtweb.bitrix24.site/bitrix/js/main/core/core_frame_cache.min1e47.js]
[technxtweb.bitrix24.site/bitrix/js/main/pageobject/pageobject.min0a66.js]
[technxtweb.bitrix24.site/bitrix/js/main/sidepanel/manager.min0040.js]
[technxtweb.bitrix24.site/bitrix/tools/composite_data.js]
[technxtweb.bitrix24.site/crm.activity.planner/slider.php]
[technxtweb.bitrix24.site/bitrix/js/main/sidepanel/slider.minec3d.js]
[technxtweb.bitrix24.site/bitrix/templates/landing24/assets/vendor/jquery/jquery-3.2.1.mind3ae.js]
[technxtweb.bitrix24.site/bitrix/components/bitrix/landing.pub/templates/.default/script.min6cff.js]
[technxtweb.bitrix24.site/bitrix/tools/ajax_captcha.html]
[technxtweb.bitrix24.site/bitrix/tools/composite_data.js]
[technxtweb.bitrix24.site/crm.activity.planner/slider.html]
